*** EVALUATION ***
PROGRAM "C:\Users\SSE\Desktop\소스코드\bin\Flash_Application.abs"

*********************************************************************************************
TARGET SECTION
---------------------------------------------------------------------------------------------
Processor   : Freescale HC12
Memory Model: SMALL
File Format : ELF\DWARF 2.0
Linker      : SmartLinker V-5.0.52 Build 15249, Sep  7 2015

*********************************************************************************************
FILE SECTION
---------------------------------------------------------------------------------------------
START12.C.o                             Model: SMALL,         Lang: ANSI-C,        Compiler Version: ANSI-C/cC++ Compiler for HC12 V-5.0.46 Build 15249, Sep  7 2015
PRINTF.C.o (ansis.lib)                  Model: SMALL,         Lang: ANSI-C,        Compiler Version: ANSI-C/cC++ Compiler for HC12 V-5.0.46 Build 15249, Sep  7 2015
STRING.C.o (ansis.lib)                  Model: SMALL,         Lang: ANSI-C,        Compiler Version: ANSI-C/cC++ Compiler for HC12 V-5.0.46 Build 15249, Sep  7 2015
FADD.C.o (ansis.lib)                    Model: SMALL,         Lang: ANSI-C,        Compiler Version: ANSI-C/cC++ Compiler for HC12 V-5.0.46 Build 15249, Sep  7 2015
FANSI.C.o (ansis.lib)                   Model: SMALL,         Lang: ANSI-C,        Compiler Version: ANSI-C/cC++ Compiler for HC12 V-5.0.46 Build 15249, Sep  7 2015
FCMP.C.o (ansis.lib)                    Model: SMALL,         Lang: ANSI-C,        Compiler Version: ANSI-C/cC++ Compiler for HC12 V-5.0.46 Build 15249, Sep  7 2015
FCONV.C.o (ansis.lib)                   Model: SMALL,         Lang: ANSI-C,        Compiler Version: ANSI-C/cC++ Compiler for HC12 V-5.0.46 Build 15249, Sep  7 2015
FMUL.C.o (ansis.lib)                    Model: SMALL,         Lang: ANSI-C,        Compiler Version: ANSI-C/cC++ Compiler for HC12 V-5.0.46 Build 15249, Sep  7 2015
FREGS.C.o (ansis.lib)                   Model: SMALL,         Lang: ANSI-C,        Compiler Version: ANSI-C/cC++ Compiler for HC12 V-5.0.46 Build 15249, Sep  7 2015
rtshc12.c.o (ansis.lib)                 Model: SMALL,         Lang: ANSI-C,        Compiler Version: ANSI-C/cC++ Compiler for HC12 V-5.0.46 Build 15249, Sep  7 2015
VREGS.C.o (ansis.lib)                   Model: SMALL,         Lang: ANSI-C,        Compiler Version: ANSI-C/cC++ Compiler for HC12 V-5.0.46 Build 15249, Sep  7 2015
per_DP256_K79X.c.o                      Model: SMALL,         Lang: ANSI-C,        Compiler Version: ANSI-C/cC++ Compiler for HC12 V-5.0.46 Build 15249, Sep  7 2015
lcd.c.o                                 Model: SMALL,         Lang: ANSI-C,        Compiler Version: ANSI-C/cC++ Compiler for HC12 V-5.0.46 Build 15249, Sep  7 2015
main.c.o                                Model: SMALL,         Lang: ANSI-C,        Compiler Version: ANSI-C/cC++ Compiler for HC12 V-5.0.46 Build 15249, Sep  7 2015
projectvectors.c.o                      Model: SMALL,         Lang: ANSI-C,        Compiler Version: ANSI-C/cC++ Compiler for HC12 V-5.0.46 Build 15249, Sep  7 2015
interrupt.c.o                           Model: SMALL,         Lang: ANSI-C,        Compiler Version: ANSI-C/cC++ Compiler for HC12 V-5.0.46 Build 15249, Sep  7 2015
sci.c.o                                 Model: SMALL,         Lang: ANSI-C,        Compiler Version: ANSI-C/cC++ Compiler for HC12 V-5.0.46 Build 15249, Sep  7 2015
atd.c.o                                 Model: SMALL,         Lang: ANSI-C,        Compiler Version: ANSI-C/cC++ Compiler for HC12 V-5.0.46 Build 15249, Sep  7 2015
mscan.c.o                               Model: SMALL,         Lang: ANSI-C,        Compiler Version: ANSI-C/cC++ Compiler for HC12 V-5.0.46 Build 15249, Sep  7 2015

*********************************************************************************************
STARTUP SECTION
---------------------------------------------------------------------------------------------
Entry point: 0x4029 (_Startup)
_startupData is allocated at 0x4031 and uses 6 Bytes
extern struct _tagStartup {
  unsigned nofZeroOut     1
  _Range   pZeroOut       0x1000     1320
  _Copy    *toCopyDownBeg 0x726F
} _startupData;

*********************************************************************************************
SECTION-ALLOCATION SECTION
Section Name                    Size  Type     From       To       Segment
---------------------------------------------------------------------------------------------
.init                             49     R     0x4000     0x4030   ROM_4000
.startData                        10     R     0x4031     0x403A   ROM_4000
.rodata                          212     R     0x403B     0x410E   ROM_4000
.rodata1                         418     R     0x410F     0x42B0   ROM_4000
NON_BANKED                       228     R     0x42B1     0x4394   ROM_4000
.text                          10732     R     0x4395     0x6D80   ROM_4000
.copy                             29     R     0x726F     0x728B   ROM_4000
.data                             36   R/W     0x1000     0x1023   RAM
.abs_section_0                    48   N/I        0x0       0x2F   .absSeg0
.abs_section_30                    4   N/I       0x30       0x33   .absSeg1
.abs_section_34                   12   N/I       0x34       0x3F   .absSeg2
.abs_section_40                   64   N/I       0x40       0x7F   .absSeg3
.abs_section_80                   32   N/I       0x80       0x9F   .absSeg4
.abs_section_a0                   40   N/I       0xA0       0xC7   .absSeg5
.abs_section_c8                    8   N/I       0xC8       0xCF   .absSeg6
.abs_section_d0                    8   N/I       0xD0       0xD7   .absSeg7
.abs_section_d8                    8   N/I       0xD8       0xDF   .absSeg8
.abs_section_e0                    8   N/I       0xE0       0xE7   .absSeg9
.abs_section_e8                    8   N/I       0xE8       0xEF   .absSeg10
.abs_section_f0                    8   N/I       0xF0       0xF7   .absSeg11
.abs_section_f8                    8   N/I       0xF8       0xFF   .absSeg12
.abs_section_100                  16   N/I      0x100      0x10F   .absSeg13
.abs_section_110                  12   N/I      0x110      0x11B   .absSeg14
.abs_section_120                  32   N/I      0x120      0x13F   .absSeg15
.abs_section_140                  64   N/I      0x140      0x17F   .absSeg16
.abs_section_180                  64   N/I      0x180      0x1BF   .absSeg17
.abs_section_1c0                  64   N/I      0x1C0      0x1FF   .absSeg18
.abs_section_200                  64   N/I      0x200      0x23F   .absSeg19
.abs_section_240                  48   N/I      0x240      0x26F   .absSeg20
.abs_section_280                  64   N/I      0x280      0x2BF   .absSeg21
.bss                              50   R/W     0x1024     0x1055   RAM
.common                         1234   R/W     0x1056     0x1527   RAM
RUNTIME                         1262     R     0x6D81     0x726E   ROM_4000
.stack                          1024   R/W     0x1528     0x1927   RAM
.vectSeg22_vect                  116     R     0xFF8C     0xFFFF   .vectSeg22

Summary of section sizes per section type:
READ_ONLY (R):        3300 (dec:    13056)
READ_WRITE (R/W):      928 (dec:     2344)
NO_INIT (N/I):         2AC (dec:      684)

*********************************************************************************************
VECTOR-ALLOCATION SECTION
    Address     InitValue   InitFunction
---------------------------------------------------------------------------------------------
     0xFF8C        0x42B1   pwm_shutdown_isr
     0xFF8E        0x42B5   portp_isr
     0xFF90        0x42B9   mscan4_tx_isr
     0xFF92        0x42BD   mscan4_rx_isr
     0xFF94        0x42C1   mscan4_error_isr
     0xFF96        0x42C5   mscan4_wakeup_isr
     0xFF98        0x42C9   mscan3_tx_isr
     0xFF9A        0x42CD   mscan3_rx_isr
     0xFF9C        0x42D1   mscan3_error_isr
     0xFF9E        0x42D5   mscan3_wakeup_isr
     0xFFA0        0x42D9   mscan2_tx_isr
     0xFFA2        0x42DD   mscan2_rx_isr
     0xFFA4        0x42E1   mscan2_error_isr
     0xFFA6        0x42E5   mscan2_wakeup_isr
     0xFFA8        0x42E9   mscan1_tx_isr
     0xFFAA        0x42ED   mscan1_rx_isr
     0xFFAC        0x42F1   mscan1_error_isr
     0xFFAE        0x42F5   mscan1_wakeup_isr
     0xFFB0        0x42F9   mscan0_tx_isr
     0xFFB2        0x42FD   mscan0_rx_isr
     0xFFB4        0x4301   mscan0_error_isr
     0xFFB6        0x4305   mscan0_wakeup_isr
     0xFFB8        0x4309   flash_isr
     0xFFBA        0x430D   eeprom_isr
     0xFFBC        0x4311   spi2_isr
     0xFFBE        0x4315   spi1_isr
     0xFFC0        0x4319   iic_isr
     0xFFC2        0x431D   bdlc_isr
     0xFFC4        0x4321   crg_scm_isr
     0xFFC6        0x4325   crg_pll_lock_isr
     0xFFC8        0x4329   pa_b_overflow_isr
     0xFFCA        0x432D   ect_mdc_isr
     0xFFCC        0x4331   porth_isr
     0xFFCE        0x4335   portj_isr
     0xFFD0        0x4339   atd1_isr
     0xFFD2        0x433D   atd0_isr
     0xFFD4        0x4341   sci1_isr
     0xFFD6        0x4345   sci0_isr
     0xFFD8        0x4349   spi0_isr
     0xFFDA        0x434D   pa_a_edge_isr
     0xFFDC        0x4351   pa_a_overflow_isr
     0xFFDE        0x4355   ect_overflow_isr
     0xFFE0        0x4359   ect_ch7_isr
     0xFFE2        0x435D   ect_ch6_isr
     0xFFE4        0x4361   ect_ch5_isr
     0xFFE6        0x4365   ect_ch4_isr
     0xFFE8        0x4369   ect_ch3_isr
     0xFFEA        0x436D   ect_ch2_isr
     0xFFEC        0x4371   ect_ch1_isr
     0xFFEE        0x4375   ect_ch0_isr
     0xFFF0        0x4379   rti_isr
     0xFFF2        0x437D   irq_isr
     0xFFF4        0x4381   xirq_isr
     0xFFF6        0x4385   swi_isr
     0xFFF8        0x4389   trap_isr
     0xFFFA        0x438D   cop_isr
     0xFFFC        0x4391   clockmonitor_isr
     0xFFFE        0x4029   _Startup

*********************************************************************************************
OBJECT-ALLOCATION SECTION
     Name               Module                 Addr   hSize   dSize     Ref    Section   RLIB
---------------------------------------------------------------------------------------------
MODULE:                 -- START12.C.o --
- PROCEDURES:
     Init                                      4000      29      41       1   .init       
     _Startup                                  4029       8       8       0   .init       
- VARIABLES:
     _startupData                              4031       6       6       3   .startData  
- LABELS:
     __SEG_END_SSTACK                          1928       0       0       1               
MODULE:                 -- PRINTF.C.o (ansis.lib) --
- PROCEDURES:
     Ten                                       4395      AC     172       3   .text       
     vprintf                                   4441     924    2340     110   .text       
     _out                                      4D65       C      12      17   .text       
     deposit_char                              4D71       F      15       1   .text       
     sprintf                                   4D80      29      41      10   .text       
- VARIABLES:
     pow10                                     403B      28      40       6   .rodata     
     pow16                                     4063      20      32       4   .rodata     
     pow8                                      4083      2C      44       4   .rodata     
     fpow10                                    40AF      30      48       1   .rodata     
     fpow_10                                   40DF      30      48       1   .rodata     
     pbuf                                      1024       6       6      15   .bss        
MODULE:                 -- STRING.C.o (ansis.lib) --
- PROCEDURES:
     strlen                                    4DA9      14      20       1   .text       
- VARIABLES:
MODULE:                 -- FADD.C.o (ansis.lib) --
- PROCEDURES:
     F_ADDKL                                   6D81      67     103       1   RUNTIME     
     _FADD                                     6DE8      15      21       3   RUNTIME     
     _FSUB                                     6DFD      13      19       1   RUNTIME     
     _FNEG                                     6E10       B      11       1   RUNTIME     
- VARIABLES:
MODULE:                 -- FANSI.C.o (ansis.lib) --
- PROCEDURES:
     F_FREXP                                   6E1B      1F      31       1   RUNTIME     
     frexpf                                    6E3A      19      25       1   RUNTIME     
- VARIABLES:
MODULE:                 -- FCMP.C.o (ansis.lib) --
- PROCEDURES:
     _FCMP                                     6E53      26      38      11   RUNTIME     
- VARIABLES:
MODULE:                 -- FCONV.C.o (ansis.lib) --
- PROCEDURES:
     F_TOLONGK                                 6E79      33      51       1   RUNTIME     
     F_FRLONGK                                 6EAC      1F      31       2   RUNTIME     
     _FSFLOAT                                  6ECB      12      18       1   RUNTIME     
     _FUFLOAT                                  6EDD      12      18       1   RUNTIME     
     _FSTRUNC                                  6EEF      11      17       1   RUNTIME     
     _FUTRUNC                                  6F00       3       3       2   RUNTIME     
- VARIABLES:
MODULE:                 -- FMUL.C.o (ansis.lib) --
- PROCEDURES:
     F_DIVKL                                   6F03      8E     142       1   RUNTIME     
     F_MULKL                                   6F91      58      88       1   RUNTIME     
     _FMUL                                     6FE9      14      20       7   RUNTIME     
     _FDIV                                     6FFD      1E      30       1   RUNTIME     
- VARIABLES:
MODULE:                 -- FREGS.C.o (ansis.lib) --
- PROCEDURES:
     F_PULK                                    701B      15      21       4   RUNTIME     
     F_PULL                                    7030      15      21       4   RUNTIME     
     F_PSHK                                    7045      13      19       6   RUNTIME     
     F_TLK                                     7058       D      13       1   RUNTIME     
     F_XGKL                                    7065      21      33       2   RUNTIME     
     F_CLRK                                    7086       B      11       2   RUNTIME     
     F_MAXK                                    7091       9       9       2   RUNTIME     
     F_NORMK                                   709A      3E      62       4   RUNTIME     
- VARIABLES:
MODULE:                 -- rtshc12.c.o (ansis.lib) --
- PROCEDURES:
     _BSHL                                     70D8       8       8       2   RUNTIME     
     _BDIVMODS                                 70E0       B      11       4   RUNTIME     
     _ISHL                                     70EB       B      11       1   RUNTIME     
     _LSHRS                                    70F6      12      18       1   RUNTIME     
     _LCMP_P                                   7108      15      21       3   RUNTIME     
     _LNEG                                     711D       D      13       1   RUNTIME     
     _lDivMod                                  712A      BE     190       2   RUNTIME     
     _LDIVU                                    71E8       E      14       1   RUNTIME     
     _NEG_P                                    71F6       F      15       1   RUNTIME     
     _LMODU                                    7205      11      17       1   RUNTIME     
     _ILSEXT                                   7216       7       7       3   RUNTIME     
     _CASE_DIRECT_BYTE                         721D       5       5       1   RUNTIME     
     _CASE_SEARCH_8                            7222      17      23       1   RUNTIME     
     _CASE_SEARCH_8_BYTE                       7239      1A      26       1   RUNTIME     
- VARIABLES:
MODULE:                 -- VREGS.C.o (ansis.lib) --
- PROCEDURES:
     L_NEGK                                    7253       7       7       2   RUNTIME     
     L_PSHK                                    725A       8       8       1   RUNTIME     
     UL_PULK                                   7262       3       3       1   RUNTIME     
     SL_PULK                                   7265       A      10       1   RUNTIME     
- VARIABLES:
MODULE:                 -- per_DP256_K79X.c.o --
- PROCEDURES:
- VARIABLES:
     Regs                                         0      30      48      13   .abs_section_0
     Page                                        30       4       4       0   .abs_section_30
     Crg                                         34       C      12       3   .abs_section_34
     Tim0                                        40      40      64       0   .abs_section_40
     Atd0                                        80      20      32       7   .abs_section_80
     Pwm                                         A0      28      40       0   .abs_section_a0
     Sci0                                        C8       8       8       5   .abs_section_c8
     Sci1                                        D0       8       8       0   .abs_section_d0
     Spi0                                        D8       8       8       0   .abs_section_d8
     Iic                                         E0       8       8       0   .abs_section_e0
     Bdlc                                        E8       8       8       0   .abs_section_e8
     Spi1                                        F0       8       8       0   .abs_section_f0
     Spi2                                        F8       8       8       0   .abs_section_f8
     Flash                                      100      10      16       0   .abs_section_100
     Eeprom                                     110       C      12       0   .abs_section_110
     Atd1                                       120      20      32       0   .abs_section_120
     Can0                                       140      40      64      47   .abs_section_140
     Can1                                       180      40      64       0   .abs_section_180
     Can2                                       1C0      40      64       0   .abs_section_1c0
     Can3                                       200      40      64       0   .abs_section_200
     Pim                                        240      30      48      59   .abs_section_240
     Can4                                       280      40      64       0   .abs_section_280
MODULE:                 -- lcd.c.o --
- PROCEDURES:
     delay_1                                   4DBD      16      22      19   .text       
     Select_screen                             4DD3      4E      78       3   .text       
     Up_cursor                                 4E21       D      13       1   .text       
     Down_cursor                               4E2E       A      10       1   .text       
     LED_blink                                 4E38     128     296      10   .text       
     LED_toggle1                               4F60      6F     111       1   .text       
     LED_toggle                                4FCF      CD     205       1   .text       
     LED_make_cursor                           509C      3B      59       3   .text       
     LED_erase_cursor                          50D7      5E      94       2   .text       
     LED_screen                                5135      44      68       3   .text       
     Buzzer_screen                             5179      76     118       2   .text       
     Buzzer_toggle                             51EF      79     121       1   .text       
     Buzzer_off                                5268      46      70       1   .text       
     Buzzer_timer                              52AE      1D      29       1   .text       
     Buzzer_second                             52CB      7A     122       3   .text       
     ADC_screen                                5345      44      68       2   .text       
     ADC_toggle                                5389      7A     122       1   .text       
     ADC_value                                 5403      79     121       2   .text       
     ADC_getatd                                547C     112     274       4   .text       
     CAN_screen                                558E      CA     202       4   .text       
     CAN_downcursor                            5658      C2     194       2   .text       
     CAN_upcursor                              571A      BF     191       2   .text       
     CAN_check                                 57D9      B4     180       2   .text       
     Acceptance_screen                         588D      D7     215       2   .text       
     Acceptance_right                          5964      61      97       1   .text       
     Acceptance_left                           59C5      5E      94       1   .text       
     Acceptance_toggle                         5A23      FF     255       5   .text       
     Mask_screen                               5B22      D7     215       2   .text       
     Mask_right                                5BF9      61      97       1   .text       
     Mask_left                                 5C5A      5E      94       1   .text       
     Mask_toggle                               5CB8      FF     255       5   .text       
     CAN_communication                         5DB7      52      82       1   .text       
     Erase_Square                              5E09      88     136      11   .text       
     Square                                    5E91      E8     232      47   .text       
     LCD_initial_line                          5F79      64     100       9   .text       
     LCD_clear                                 5FDD      7A     122       8   .text       
     init_LCD                                  6057      17      23       1   .text       
     LCD_write_dot                             606E      69     105      12   .text       
     LCD_write_hole                            60D7      6A     106       6   .text       
     LCD_write_char                            6141      88     136       1   .text       
     LCD_write_str                             61C9      32      50      40   .text       
     write_1                                   61FB      2C      44       3   .text       
     Display_ON                                6227      2C      44       1   .text       
     Set_addressYX                             6253      4C      76       3   .text       
     translation                               629F     4D2    1234      70   .text       
- VARIABLES:
     STRING.Select.menu.2                      410F       C      12       1   .rodata1    
     STRING.1..LED.Control.3                   411B       F      15       1   .rodata1    
     STRING.2..Buzzer.Control.4                412A      12      18       1   .rodata1    
     STRING.3..ADC.Control.5                   413C       F      15       1   .rodata1    
     STRING.4..CAN.Control.6                   414B       F      15       1   .rodata1    
     STRING.1..LED.Control.7                   415A       F      15       1   .rodata1    
     STRING.2..Buzzer.Control.9                4169      12      18       1   .rodata1    
     STRING..d.10                              417B       3       3       1   .rodata1    
     STRING.ON.11                              417E       3       3       1   .rodata1    
     STRING............12                      4181       B      11       1   .rodata1    
     STRING.OFF.13                             418C       4       4       1   .rodata1    
     STRING............14                      4190       B      11       1   .rodata1    
     STRING.OFF.15                             419B       4       4       1   .rodata1    
     STRING............16                      419F       B      11       1   .rodata1    
     STRING..d.18                              41AA       3       3       1   .rodata1    
     STRING...19                               41AD       2       2       1   .rodata1    
     STRING..d.second.20                       41AF       A      10       1   .rodata1    
     STRING............21                      41B9       B      11       1   .rodata1    
     STRING.3..ADC.Control.22                  41C4       F      15       1   .rodata1    
     STRING.enable.23                          41D3       7       7       1   .rodata1    
     STRING.Value..24                          41DA       7       7       1   .rodata1    
     STRING.4..CAN.Control.25                  41E1       F      15       1   .rodata1    
     STRING.acceptance.26                      41F0       B      11       1   .rodata1    
     STRING.mask.27                            41FB       5       5       1   .rodata1    
     STRING.echo.mode.28                       4200       A      10       1   .rodata1    
     STRING.A..a.a..A.29                       420A       A      10       1   .rodata1    
     STRING.enable.30                          4214       7       7       1   .rodata1    
     STRING.CAN.OK..31                         421B       8       8       1   .rodata1    
     STRING.4.1..acceptance.33                 4223      10      16       1   .rodata1    
     STRING.MSB.34                             4233       4       4       1   .rodata1    
     STRING.LSB.35                             4237       4       4       1   .rodata1    
     STRING.0b.d.d.d.d.d.d.d.d.d.36            423B      19      25       1   .rodata1    
     STRING.0b.d.d.d.d.d.d.d.d.d.37            4254      19      25       1   .rodata1    
     STRING.4.2..mask.39                       426D       A      10       1   .rodata1    
     STRING.MSB.40                             4277       4       4       1   .rodata1    
     STRING.LSB.41                             427B       4       4       1   .rodata1    
     STRING.0b.d.d.d.d.d.d.d.d.d.42            427F      19      25       1   .rodata1    
     STRING.0b.d.d.d.d.d.d.d.d.d.43            4298      19      25       1   .rodata1    
     square                                    1000      10      16      12   .data       
     buzzer_str                                1010       A      10       8   .data       
     CAN_toggle                                101A       A      10      16   .data       
     LCD_saver                                 1056     400    1024       7   .common     
     LED_cursor                                1456       2       2      18   .common     
     LED                                       1458      14      20      14   .common     
     LED_mask                                  146C       2       2       7   .common     
     LED_mask2                                 146E       2       2       5   .common     
     blink_state                               1470       2       2       4   .common     
     buzzer                                    1472       2       2       9   .common     
     buzzer_timer                              1474       2       2       6   .common     
     ADC_on                                    1476       2       2       6   .common     
     level                                     1478       2       2      10   .common     
     prev_level                                147A       2       2       3   .common     
     CAN_cursor                                147C       2       2      14   .common     
     acceptance                                147E      18      24      28   .common     
     acceptance_cursor                         1496       2       2      19   .common     
     mask                                      1498      18      24      28   .common     
     mask_cursor                               14B0       2       2      19   .common     
MODULE:                 -- main.c.o --
- PROCEDURES:
     main                                      6771      37      55       1   .text       
- VARIABLES:
     can0_rx_buffer                            14B2      10      16       1   .common     
MODULE:                 -- projectvectors.c.o --
- PROCEDURES:
     software_trap                             67A8       2       2      52   .text       
     pwm_shutdown_isr                          42B1       4       4       0   NON_BANKED  
     portp_isr                                 42B5       4       4       0   NON_BANKED  
     mscan4_tx_isr                             42B9       4       4       0   NON_BANKED  
     mscan4_rx_isr                             42BD       4       4       0   NON_BANKED  
     mscan4_error_isr                          42C1       4       4       0   NON_BANKED  
     mscan4_wakeup_isr                         42C5       4       4       0   NON_BANKED  
     mscan3_tx_isr                             42C9       4       4       0   NON_BANKED  
     mscan3_rx_isr                             42CD       4       4       0   NON_BANKED  
     mscan3_error_isr                          42D1       4       4       0   NON_BANKED  
     mscan3_wakeup_isr                         42D5       4       4       0   NON_BANKED  
     mscan2_tx_isr                             42D9       4       4       0   NON_BANKED  
     mscan2_rx_isr                             42DD       4       4       0   NON_BANKED  
     mscan2_error_isr                          42E1       4       4       0   NON_BANKED  
     mscan2_wakeup_isr                         42E5       4       4       0   NON_BANKED  
     mscan1_tx_isr                             42E9       4       4       0   NON_BANKED  
     mscan1_rx_isr                             42ED       4       4       0   NON_BANKED  
     mscan1_error_isr                          42F1       4       4       0   NON_BANKED  
     mscan1_wakeup_isr                         42F5       4       4       0   NON_BANKED  
     mscan0_tx_isr                             42F9       4       4       0   NON_BANKED  
     mscan0_rx_isr                             42FD       4       4       0   NON_BANKED  
     mscan0_error_isr                          4301       4       4       0   NON_BANKED  
     mscan0_wakeup_isr                         4305       4       4       0   NON_BANKED  
     flash_isr                                 4309       4       4       0   NON_BANKED  
     eeprom_isr                                430D       4       4       0   NON_BANKED  
     spi2_isr                                  4311       4       4       0   NON_BANKED  
     spi1_isr                                  4315       4       4       0   NON_BANKED  
     iic_isr                                   4319       4       4       0   NON_BANKED  
     bdlc_isr                                  431D       4       4       0   NON_BANKED  
     crg_scm_isr                               4321       4       4       0   NON_BANKED  
     crg_pll_lock_isr                          4325       4       4       0   NON_BANKED  
     pa_b_overflow_isr                         4329       4       4       0   NON_BANKED  
     ect_mdc_isr                               432D       4       4       0   NON_BANKED  
     porth_isr                                 4331       4       4       0   NON_BANKED  
     portj_isr                                 4335       4       4       0   NON_BANKED  
     atd1_isr                                  4339       4       4       0   NON_BANKED  
     atd0_isr                                  433D       4       4       0   NON_BANKED  
     sci1_isr                                  4341       4       4       0   NON_BANKED  
     sci0_isr                                  4345       4       4       0   NON_BANKED  
     spi0_isr                                  4349       4       4       0   NON_BANKED  
     pa_a_edge_isr                             434D       4       4       0   NON_BANKED  
     pa_a_overflow_isr                         4351       4       4       0   NON_BANKED  
     ect_overflow_isr                          4355       4       4       0   NON_BANKED  
     ect_ch7_isr                               4359       4       4       0   NON_BANKED  
     ect_ch6_isr                               435D       4       4       0   NON_BANKED  
     ect_ch5_isr                               4361       4       4       0   NON_BANKED  
     ect_ch4_isr                               4365       4       4       0   NON_BANKED  
     ect_ch3_isr                               4369       4       4       0   NON_BANKED  
     ect_ch2_isr                               436D       4       4       0   NON_BANKED  
     ect_ch1_isr                               4371       4       4       0   NON_BANKED  
     ect_ch0_isr                               4375       4       4       0   NON_BANKED  
     rti_isr                                   4379       4       4       0   NON_BANKED  
     irq_isr                                   437D       4       4       0   NON_BANKED  
     xirq_isr                                  4381       4       4       0   NON_BANKED  
     swi_isr                                   4385       4       4       0   NON_BANKED  
     trap_isr                                  4389       4       4       0   NON_BANKED  
     cop_isr                                   438D       4       4       0   NON_BANKED  
     clockmonitor_isr                          4391       4       4       0   NON_BANKED  
- VARIABLES:
MODULE:                 -- interrupt.c.o --
- PROCEDURES:
     rti_handler                               67AA      3A      58       1   .text       
     init_interrupt                            67E4      12      18       1   .text       
     interruptH_function                       67F6     303     771      30   .text       
     Keypad_Cheking                            6AF9      21      33       1   .text       
- VARIABLES:
     tx_data                                   102A      10      16       2   .bss        
     count                                     103A       2       2       3   .bss        
     change_count                              103C       2       2       2   .bss        
     lock                                      103E       2       2      31   .bss        
     screen_state                              1040       2       2      20   .bss        
     blink                                     14C2       2       2       3   .common     
MODULE:                 -- sci.c.o --
- PROCEDURES:
     linktx                                    6B1A       4       4       1   .text       
     sci0_handler                              6B1E     11C     284       3   .text       
- VARIABLES:
     number                                    1042       2       2       4   .bss        
     i.1                                       1044       2       2       3   .bss        
     txbuffer_sci0                             14C4       2       2       5   .common     
     rx_buffer                                 14C6      10      16       8   .common     
     data_saver                                14D6      50      80       5   .common     
     textwindow                                1526       2       2       1   .common     
MODULE:                 -- atd.c.o --
- PROCEDURES:
     init_atd0                                 6C3A      10      16       1   .text       
     get_atd0                                  6C4A      1C      28       1   .text       
- VARIABLES:
MODULE:                 -- mscan.c.o --
- PROCEDURES:
     setup_rx_can0                             6C66       E      14       1   .text       
     init_can0                                 6C74      3D      61       1   .text       
     write_can0                                6CB1      1A      26       2   .text       
     can0_tx_handler                           6CCB      53      83       1   .text       
     can0_rx_handler                           6D1E       8       8       1   .text       
     read_can0                                 6D26      5B      91       1   .text       
- VARIABLES:
     can0_rx_data                              1046       2       2       3   .bss        
     can0_rx_length                            1048       2       2       4   .bss        
     can0_rx_id                                104A       4       4       6   .bss        
     can0_tx_data                              104E       2       2       2   .bss        
     can0_tx_length                            1050       2       2       3   .bss        
     can0_tx_id                                1052       4       4       5   .bss        

*********************************************************************************************
MODULE STATISTIC
  Name                                      Data   Code  Const
---------------------------------------------------------------------------------------------
  START12.C.o                                  0     49      0
  PRINTF.C.o (ansis.lib)                       6   2580    212
  STRING.C.o (ansis.lib)                       0     20      0
  FADD.C.o (ansis.lib)                         0    154      0
  FANSI.C.o (ansis.lib)                        0     56      0
  FCMP.C.o (ansis.lib)                         0     38      0
  FCONV.C.o (ansis.lib)                        0    138      0
  FMUL.C.o (ansis.lib)                         0    280      0
  FREGS.C.o (ansis.lib)                        0    189      0
  rtshc12.c.o (ansis.lib)                      0    379      0
  VREGS.C.o (ansis.lib)                        0     28      0
  per_DP256_K79X.c.o                         684      0      0
  lcd.c.o                                   1152   6580    418
  main.c.o                                    16     55      0
  projectvectors.c.o                           0    230      0
  interrupt.c.o                               26    880      0
  sci.c.o                                    104    288      0
  atd.c.o                                      0     44      0
  mscan.c.o                                   16    283      0
  other                                     1024    126     29

*********************************************************************************************
SECTION USE IN OBJECT-ALLOCATION SECTION
---------------------------------------------------------------------------------------------
SECTION: ".text"
  Ten vprintf _out deposit_char sprintf strlen delay_1 Select_screen Up_cursor 
  Down_cursor LED_blink LED_toggle1 LED_toggle LED_make_cursor LED_erase_cursor 
  LED_screen Buzzer_screen Buzzer_toggle Buzzer_off Buzzer_timer Buzzer_second 
  ADC_screen ADC_toggle ADC_value ADC_getatd CAN_screen CAN_downcursor 
  CAN_upcursor CAN_check Acceptance_screen Acceptance_right Acceptance_left 
  Acceptance_toggle Mask_screen Mask_right Mask_left Mask_toggle 
  CAN_communication Erase_Square Square LCD_initial_line LCD_clear init_LCD 
  LCD_write_dot LCD_write_hole LCD_write_char LCD_write_str write_1 Display_ON 
  Set_addressYX translation main software_trap rti_handler init_interrupt 
  interruptH_function Keypad_Cheking linktx sci0_handler init_atd0 get_atd0 
  setup_rx_can0 init_can0 write_can0 can0_tx_handler can0_rx_handler read_can0 
SECTION: ".data"
  square buzzer_str CAN_toggle 
SECTION: ".bss"
  pbuf tx_data count change_count lock screen_state number i.1 can0_rx_data 
  can0_rx_length can0_rx_id can0_tx_data can0_tx_length can0_tx_id 
SECTION: ".init"
  Init _Startup 
SECTION: ".rodata"
  pow10 pow16 pow8 fpow10 fpow_10 
SECTION: ".rodata1"
  STRING.Select.menu.2 STRING.1..LED.Control.3 STRING.2..Buzzer.Control.4 
  STRING.3..ADC.Control.5 STRING.4..CAN.Control.6 STRING.1..LED.Control.7 
  STRING.2..Buzzer.Control.9 STRING..d.10 STRING.ON.11 STRING............12 
  STRING.OFF.13 STRING............14 STRING.OFF.15 STRING............16 
  STRING..d.18 STRING...19 STRING..d.second.20 STRING............21 
  STRING.3..ADC.Control.22 STRING.enable.23 STRING.Value..24 
  STRING.4..CAN.Control.25 STRING.acceptance.26 STRING.mask.27 
  STRING.echo.mode.28 STRING.A..a.a..A.29 STRING.enable.30 STRING.CAN.OK..31 
  STRING.4.1..acceptance.33 STRING.MSB.34 STRING.LSB.35 
  STRING.0b.d.d.d.d.d.d.d.d.d.36 STRING.0b.d.d.d.d.d.d.d.d.d.37 
  STRING.4.2..mask.39 STRING.MSB.40 STRING.LSB.41 
  STRING.0b.d.d.d.d.d.d.d.d.d.42 STRING.0b.d.d.d.d.d.d.d.d.d.43 
SECTION: "NON_BANKED"
  pwm_shutdown_isr portp_isr mscan4_tx_isr mscan4_rx_isr mscan4_error_isr 
  mscan4_wakeup_isr mscan3_tx_isr mscan3_rx_isr mscan3_error_isr 
  mscan3_wakeup_isr mscan2_tx_isr mscan2_rx_isr mscan2_error_isr 
  mscan2_wakeup_isr mscan1_tx_isr mscan1_rx_isr mscan1_error_isr 
  mscan1_wakeup_isr mscan0_tx_isr mscan0_rx_isr mscan0_error_isr 
  mscan0_wakeup_isr flash_isr eeprom_isr spi2_isr spi1_isr iic_isr bdlc_isr 
  crg_scm_isr crg_pll_lock_isr pa_b_overflow_isr ect_mdc_isr porth_isr 
  portj_isr atd1_isr atd0_isr sci1_isr sci0_isr spi0_isr pa_a_edge_isr 
  pa_a_overflow_isr ect_overflow_isr ect_ch7_isr ect_ch6_isr ect_ch5_isr 
  ect_ch4_isr ect_ch3_isr ect_ch2_isr ect_ch1_isr ect_ch0_isr rti_isr irq_isr 
  xirq_isr swi_isr trap_isr cop_isr clockmonitor_isr 
SECTION: ".common"
  LCD_saver LED_cursor LED LED_mask LED_mask2 blink_state buzzer buzzer_timer 
  ADC_on level prev_level CAN_cursor acceptance acceptance_cursor mask 
  mask_cursor can0_rx_buffer blink txbuffer_sci0 rx_buffer data_saver 
  textwindow 
SECTION: "RUNTIME"
  F_ADDKL _FADD _FSUB _FNEG F_FREXP frexpf _FCMP F_TOLONGK F_FRLONGK _FSFLOAT 
  _FUFLOAT _FSTRUNC _FUTRUNC F_DIVKL F_MULKL _FMUL _FDIV F_PULK F_PULL F_PSHK 
  F_TLK F_XGKL F_CLRK F_MAXK F_NORMK _BSHL _BDIVMODS _ISHL _LSHRS _LCMP_P _LNEG 
  _lDivMod _LDIVU _NEG_P _LMODU _ILSEXT _CASE_DIRECT_BYTE _CASE_SEARCH_8 
  _CASE_SEARCH_8_BYTE L_NEGK L_PSHK UL_PULK SL_PULK 
SECTION: ".abs_section_0"
  Regs 
SECTION: ".abs_section_30"
  Page 
SECTION: ".abs_section_34"
  Crg 
SECTION: ".abs_section_40"
  Tim0 
SECTION: ".abs_section_80"
  Atd0 
SECTION: ".abs_section_a0"
  Pwm 
SECTION: ".abs_section_c8"
  Sci0 
SECTION: ".abs_section_d0"
  Sci1 
SECTION: ".abs_section_d8"
  Spi0 
SECTION: ".abs_section_e0"
  Iic 
SECTION: ".abs_section_e8"
  Bdlc 
SECTION: ".abs_section_f0"
  Spi1 
SECTION: ".abs_section_f8"
  Spi2 
SECTION: ".abs_section_100"
  Flash 
SECTION: ".abs_section_110"
  Eeprom 
SECTION: ".abs_section_120"
  Atd1 
SECTION: ".abs_section_140"
  Can0 
SECTION: ".abs_section_180"
  Can1 
SECTION: ".abs_section_1c0"
  Can2 
SECTION: ".abs_section_200"
  Can3 
SECTION: ".abs_section_240"
  Pim 
SECTION: ".abs_section_280"
  Can4 

*********************************************************************************************
OBJECT LIST SORTED BY ADDRESS
     Name                                      Addr   hSize   dSize     Ref    Section   RLIB
---------------------------------------------------------------------------------------------
     Regs                                         0      30      48      13   .abs_section_0
     Page                                        30       4       4       0   .abs_section_30
     Crg                                         34       C      12       3   .abs_section_34
     Tim0                                        40      40      64       0   .abs_section_40
     Atd0                                        80      20      32       7   .abs_section_80
     Pwm                                         A0      28      40       0   .abs_section_a0
     Sci0                                        C8       8       8       5   .abs_section_c8
     Sci1                                        D0       8       8       0   .abs_section_d0
     Spi0                                        D8       8       8       0   .abs_section_d8
     Iic                                         E0       8       8       0   .abs_section_e0
     Bdlc                                        E8       8       8       0   .abs_section_e8
     Spi1                                        F0       8       8       0   .abs_section_f0
     Spi2                                        F8       8       8       0   .abs_section_f8
     Flash                                      100      10      16       0   .abs_section_100
     Eeprom                                     110       C      12       0   .abs_section_110
     Atd1                                       120      20      32       0   .abs_section_120
     Can0                                       140      40      64      47   .abs_section_140
     Can1                                       180      40      64       0   .abs_section_180
     Can2                                       1C0      40      64       0   .abs_section_1c0
     Can3                                       200      40      64       0   .abs_section_200
     Pim                                        240      30      48      59   .abs_section_240
     Can4                                       280      40      64       0   .abs_section_280
     square                                    1000      10      16      12   .data       
     buzzer_str                                1010       A      10       8   .data       
     CAN_toggle                                101A       A      10      16   .data       
     pbuf                                      1024       6       6      15   .bss        
     tx_data                                   102A      10      16       2   .bss        
     count                                     103A       2       2       3   .bss        
     change_count                              103C       2       2       2   .bss        
     lock                                      103E       2       2      31   .bss        
     screen_state                              1040       2       2      20   .bss        
     number                                    1042       2       2       4   .bss        
     i.1                                       1044       2       2       3   .bss        
     can0_rx_data                              1046       2       2       3   .bss        
     can0_rx_length                            1048       2       2       4   .bss        
     can0_rx_id                                104A       4       4       6   .bss        
     can0_tx_data                              104E       2       2       2   .bss        
     can0_tx_length                            1050       2       2       3   .bss        
     can0_tx_id                                1052       4       4       5   .bss        
     LCD_saver                                 1056     400    1024       7   .common     
     LED_cursor                                1456       2       2      18   .common     
     LED                                       1458      14      20      14   .common     
     LED_mask                                  146C       2       2       7   .common     
     LED_mask2                                 146E       2       2       5   .common     
     blink_state                               1470       2       2       4   .common     
     buzzer                                    1472       2       2       9   .common     
     buzzer_timer                              1474       2       2       6   .common     
     ADC_on                                    1476       2       2       6   .common     
     level                                     1478       2       2      10   .common     
     prev_level                                147A       2       2       3   .common     
     CAN_cursor                                147C       2       2      14   .common     
     acceptance                                147E      18      24      28   .common     
     acceptance_cursor                         1496       2       2      19   .common     
     mask                                      1498      18      24      28   .common     
     mask_cursor                               14B0       2       2      19   .common     
     can0_rx_buffer                            14B2      10      16       1   .common     
     blink                                     14C2       2       2       3   .common     
     txbuffer_sci0                             14C4       2       2       5   .common     
     rx_buffer                                 14C6      10      16       8   .common     
     data_saver                                14D6      50      80       5   .common     
     textwindow                                1526       2       2       1   .common     
     Init                                      4000      29      41       1   .init       
     _Startup                                  4029       8       8       0   .init       
     pow10                                     403B      28      40       6   .rodata     
     pow16                                     4063      20      32       4   .rodata     
     pow8                                      4083      2C      44       4   .rodata     
     fpow10                                    40AF      30      48       1   .rodata     
     fpow_10                                   40DF      30      48       1   .rodata     
     STRING.Select.menu.2                      410F       C      12       1   .rodata1    
     STRING.1..LED.Control.3                   411B       F      15       1   .rodata1    
     STRING.2..Buzzer.Control.4                412A      12      18       1   .rodata1    
     STRING.3..ADC.Control.5                   413C       F      15       1   .rodata1    
     STRING.4..CAN.Control.6                   414B       F      15       1   .rodata1    
     STRING.1..LED.Control.7                   415A       F      15       1   .rodata1    
     STRING.2..Buzzer.Control.9                4169      12      18       1   .rodata1    
     STRING..d.10                              417B       3       3       1   .rodata1    
     STRING.ON.11                              417E       3       3       1   .rodata1    
     STRING............12                      4181       B      11       1   .rodata1    
     STRING.OFF.13                             418C       4       4       1   .rodata1    
     STRING............14                      4190       B      11       1   .rodata1    
     STRING.OFF.15                             419B       4       4       1   .rodata1    
     STRING............16                      419F       B      11       1   .rodata1    
     STRING..d.18                              41AA       3       3       1   .rodata1    
     STRING...19                               41AD       2       2       1   .rodata1    
     STRING..d.second.20                       41AF       A      10       1   .rodata1    
     STRING............21                      41B9       B      11       1   .rodata1    
     STRING.3..ADC.Control.22                  41C4       F      15       1   .rodata1    
     STRING.enable.23                          41D3       7       7       1   .rodata1    
     STRING.Value..24                          41DA       7       7       1   .rodata1    
     STRING.4..CAN.Control.25                  41E1       F      15       1   .rodata1    
     STRING.acceptance.26                      41F0       B      11       1   .rodata1    
     STRING.mask.27                            41FB       5       5       1   .rodata1    
     STRING.echo.mode.28                       4200       A      10       1   .rodata1    
     STRING.A..a.a..A.29                       420A       A      10       1   .rodata1    
     STRING.enable.30                          4214       7       7       1   .rodata1    
     STRING.CAN.OK..31                         421B       8       8       1   .rodata1    
     STRING.4.1..acceptance.33                 4223      10      16       1   .rodata1    
     STRING.MSB.34                             4233       4       4       1   .rodata1    
     STRING.LSB.35                             4237       4       4       1   .rodata1    
     STRING.0b.d.d.d.d.d.d.d.d.d.36            423B      19      25       1   .rodata1    
     STRING.0b.d.d.d.d.d.d.d.d.d.37            4254      19      25       1   .rodata1    
     STRING.4.2..mask.39                       426D       A      10       1   .rodata1    
     STRING.MSB.40                             4277       4       4       1   .rodata1    
     STRING.LSB.41                             427B       4       4       1   .rodata1    
     STRING.0b.d.d.d.d.d.d.d.d.d.42            427F      19      25       1   .rodata1    
     STRING.0b.d.d.d.d.d.d.d.d.d.43            4298      19      25       1   .rodata1    
     pwm_shutdown_isr                          42B1       4       4       0   NON_BANKED  
     portp_isr                                 42B5       4       4       0   NON_BANKED  
     mscan4_tx_isr                             42B9       4       4       0   NON_BANKED  
     mscan4_rx_isr                             42BD       4       4       0   NON_BANKED  
     mscan4_error_isr                          42C1       4       4       0   NON_BANKED  
     mscan4_wakeup_isr                         42C5       4       4       0   NON_BANKED  
     mscan3_tx_isr                             42C9       4       4       0   NON_BANKED  
     mscan3_rx_isr                             42CD       4       4       0   NON_BANKED  
     mscan3_error_isr                          42D1       4       4       0   NON_BANKED  
     mscan3_wakeup_isr                         42D5       4       4       0   NON_BANKED  
     mscan2_tx_isr                             42D9       4       4       0   NON_BANKED  
     mscan2_rx_isr                             42DD       4       4       0   NON_BANKED  
     mscan2_error_isr                          42E1       4       4       0   NON_BANKED  
     mscan2_wakeup_isr                         42E5       4       4       0   NON_BANKED  
     mscan1_tx_isr                             42E9       4       4       0   NON_BANKED  
     mscan1_rx_isr                             42ED       4       4       0   NON_BANKED  
     mscan1_error_isr                          42F1       4       4       0   NON_BANKED  
     mscan1_wakeup_isr                         42F5       4       4       0   NON_BANKED  
     mscan0_tx_isr                             42F9       4       4       0   NON_BANKED  
     mscan0_rx_isr                             42FD       4       4       0   NON_BANKED  
     mscan0_error_isr                          4301       4       4       0   NON_BANKED  
     mscan0_wakeup_isr                         4305       4       4       0   NON_BANKED  
     flash_isr                                 4309       4       4       0   NON_BANKED  
     eeprom_isr                                430D       4       4       0   NON_BANKED  
     spi2_isr                                  4311       4       4       0   NON_BANKED  
     spi1_isr                                  4315       4       4       0   NON_BANKED  
     iic_isr                                   4319       4       4       0   NON_BANKED  
     bdlc_isr                                  431D       4       4       0   NON_BANKED  
     crg_scm_isr                               4321       4       4       0   NON_BANKED  
     crg_pll_lock_isr                          4325       4       4       0   NON_BANKED  
     pa_b_overflow_isr                         4329       4       4       0   NON_BANKED  
     ect_mdc_isr                               432D       4       4       0   NON_BANKED  
     porth_isr                                 4331       4       4       0   NON_BANKED  
     portj_isr                                 4335       4       4       0   NON_BANKED  
     atd1_isr                                  4339       4       4       0   NON_BANKED  
     atd0_isr                                  433D       4       4       0   NON_BANKED  
     sci1_isr                                  4341       4       4       0   NON_BANKED  
     sci0_isr                                  4345       4       4       0   NON_BANKED  
     spi0_isr                                  4349       4       4       0   NON_BANKED  
     pa_a_edge_isr                             434D       4       4       0   NON_BANKED  
     pa_a_overflow_isr                         4351       4       4       0   NON_BANKED  
     ect_overflow_isr                          4355       4       4       0   NON_BANKED  
     ect_ch7_isr                               4359       4       4       0   NON_BANKED  
     ect_ch6_isr                               435D       4       4       0   NON_BANKED  
     ect_ch5_isr                               4361       4       4       0   NON_BANKED  
     ect_ch4_isr                               4365       4       4       0   NON_BANKED  
     ect_ch3_isr                               4369       4       4       0   NON_BANKED  
     ect_ch2_isr                               436D       4       4       0   NON_BANKED  
     ect_ch1_isr                               4371       4       4       0   NON_BANKED  
     ect_ch0_isr                               4375       4       4       0   NON_BANKED  
     rti_isr                                   4379       4       4       0   NON_BANKED  
     irq_isr                                   437D       4       4       0   NON_BANKED  
     xirq_isr                                  4381       4       4       0   NON_BANKED  
     swi_isr                                   4385       4       4       0   NON_BANKED  
     trap_isr                                  4389       4       4       0   NON_BANKED  
     cop_isr                                   438D       4       4       0   NON_BANKED  
     clockmonitor_isr                          4391       4       4       0   NON_BANKED  
     Ten                                       4395      AC     172       3   .text       
     vprintf                                   4441     924    2340     110   .text       
     _out                                      4D65       C      12      17   .text       
     deposit_char                              4D71       F      15       1   .text       
     sprintf                                   4D80      29      41      10   .text       
     strlen                                    4DA9      14      20       1   .text       
     delay_1                                   4DBD      16      22      19   .text       
     Select_screen                             4DD3      4E      78       3   .text       
     Up_cursor                                 4E21       D      13       1   .text       
     Down_cursor                               4E2E       A      10       1   .text       
     LED_blink                                 4E38     128     296      10   .text       
     LED_toggle1                               4F60      6F     111       1   .text       
     LED_toggle                                4FCF      CD     205       1   .text       
     LED_make_cursor                           509C      3B      59       3   .text       
     LED_erase_cursor                          50D7      5E      94       2   .text       
     LED_screen                                5135      44      68       3   .text       
     Buzzer_screen                             5179      76     118       2   .text       
     Buzzer_toggle                             51EF      79     121       1   .text       
     Buzzer_off                                5268      46      70       1   .text       
     Buzzer_timer                              52AE      1D      29       1   .text       
     Buzzer_second                             52CB      7A     122       3   .text       
     ADC_screen                                5345      44      68       2   .text       
     ADC_toggle                                5389      7A     122       1   .text       
     ADC_value                                 5403      79     121       2   .text       
     ADC_getatd                                547C     112     274       4   .text       
     CAN_screen                                558E      CA     202       4   .text       
     CAN_downcursor                            5658      C2     194       2   .text       
     CAN_upcursor                              571A      BF     191       2   .text       
     CAN_check                                 57D9      B4     180       2   .text       
     Acceptance_screen                         588D      D7     215       2   .text       
     Acceptance_right                          5964      61      97       1   .text       
     Acceptance_left                           59C5      5E      94       1   .text       
     Acceptance_toggle                         5A23      FF     255       5   .text       
     Mask_screen                               5B22      D7     215       2   .text       
     Mask_right                                5BF9      61      97       1   .text       
     Mask_left                                 5C5A      5E      94       1   .text       
     Mask_toggle                               5CB8      FF     255       5   .text       
     CAN_communication                         5DB7      52      82       1   .text       
     Erase_Square                              5E09      88     136      11   .text       
     Square                                    5E91      E8     232      47   .text       
     LCD_initial_line                          5F79      64     100       9   .text       
     LCD_clear                                 5FDD      7A     122       8   .text       
     init_LCD                                  6057      17      23       1   .text       
     LCD_write_dot                             606E      69     105      12   .text       
     LCD_write_hole                            60D7      6A     106       6   .text       
     LCD_write_char                            6141      88     136       1   .text       
     LCD_write_str                             61C9      32      50      40   .text       
     write_1                                   61FB      2C      44       3   .text       
     Display_ON                                6227      2C      44       1   .text       
     Set_addressYX                             6253      4C      76       3   .text       
     translation                               629F     4D2    1234      70   .text       
     main                                      6771      37      55       1   .text       
     software_trap                             67A8       2       2      52   .text       
     rti_handler                               67AA      3A      58       1   .text       
     init_interrupt                            67E4      12      18       1   .text       
     interruptH_function                       67F6     303     771      30   .text       
     Keypad_Cheking                            6AF9      21      33       1   .text       
     linktx                                    6B1A       4       4       1   .text       
     sci0_handler                              6B1E     11C     284       3   .text       
     init_atd0                                 6C3A      10      16       1   .text       
     get_atd0                                  6C4A      1C      28       1   .text       
     setup_rx_can0                             6C66       E      14       1   .text       
     init_can0                                 6C74      3D      61       1   .text       
     write_can0                                6CB1      1A      26       2   .text       
     can0_tx_handler                           6CCB      53      83       1   .text       
     can0_rx_handler                           6D1E       8       8       1   .text       
     read_can0                                 6D26      5B      91       1   .text       
     F_ADDKL                                   6D81      67     103       1   RUNTIME     
     _FADD                                     6DE8      15      21       3   RUNTIME     
     _FSUB                                     6DFD      13      19       1   RUNTIME     
     _FNEG                                     6E10       B      11       1   RUNTIME     
     F_FREXP                                   6E1B      1F      31       1   RUNTIME     
     frexpf                                    6E3A      19      25       1   RUNTIME     
     _FCMP                                     6E53      26      38      11   RUNTIME     
     F_TOLONGK                                 6E79      33      51       1   RUNTIME     
     F_FRLONGK                                 6EAC      1F      31       2   RUNTIME     
     _FSFLOAT                                  6ECB      12      18       1   RUNTIME     
     _FUFLOAT                                  6EDD      12      18       1   RUNTIME     
     _FSTRUNC                                  6EEF      11      17       1   RUNTIME     
     _FUTRUNC                                  6F00       3       3       2   RUNTIME     
     F_DIVKL                                   6F03      8E     142       1   RUNTIME     
     F_MULKL                                   6F91      58      88       1   RUNTIME     
     _FMUL                                     6FE9      14      20       7   RUNTIME     
     _FDIV                                     6FFD      1E      30       1   RUNTIME     
     F_PULK                                    701B      15      21       4   RUNTIME     
     F_PULL                                    7030      15      21       4   RUNTIME     
     F_PSHK                                    7045      13      19       6   RUNTIME     
     F_TLK                                     7058       D      13       1   RUNTIME     
     F_XGKL                                    7065      21      33       2   RUNTIME     
     F_CLRK                                    7086       B      11       2   RUNTIME     
     F_MAXK                                    7091       9       9       2   RUNTIME     
     F_NORMK                                   709A      3E      62       4   RUNTIME     
     _BSHL                                     70D8       8       8       2   RUNTIME     
     _BDIVMODS                                 70E0       B      11       4   RUNTIME     
     _ISHL                                     70EB       B      11       1   RUNTIME     
     _LSHRS                                    70F6      12      18       1   RUNTIME     
     _LCMP_P                                   7108      15      21       3   RUNTIME     
     _LNEG                                     711D       D      13       1   RUNTIME     
     _lDivMod                                  712A      BE     190       2   RUNTIME     
     _LDIVU                                    71E8       E      14       1   RUNTIME     
     _NEG_P                                    71F6       F      15       1   RUNTIME     
     _LMODU                                    7205      11      17       1   RUNTIME     
     _ILSEXT                                   7216       7       7       3   RUNTIME     
     _CASE_DIRECT_BYTE                         721D       5       5       1   RUNTIME     
     _CASE_SEARCH_8                            7222      17      23       1   RUNTIME     
     _CASE_SEARCH_8_BYTE                       7239      1A      26       1   RUNTIME     
     L_NEGK                                    7253       7       7       2   RUNTIME     
     L_PSHK                                    725A       8       8       1   RUNTIME     
     UL_PULK                                   7262       3       3       1   RUNTIME     
     SL_PULK                                   7265       A      10       1   RUNTIME     

*********************************************************************************************
UNUSED-OBJECTS SECTION
---------------------------------------------------------------------------------------------
NOT USED PROCEDURES
PRINTF.C.o (ansis.lib):
  set_printf vsprintf snprintf vsnprintf 
STRING.C.o (ansis.lib):
  strerror memchr memcmp memcpy2 memcpy _memcpy_8bitCount memmove memset 
  _memset_clear_8bitCount strset strcat strncat strcpy strncpy strcmp strncmp 
  strchr strrchr strspn strcspn strpbrk strstr strtok strcoll strxfrm 
FADD.C.o (ansis.lib):
  _FINC _FDEC _FABS 
FANSI.C.o (ansis.lib):
  F_MODF F_LDEXP modff RetErrDom ldexpf 
FREGS.C.o (ansis.lib):
  F_STAL F_TKL F_CLRL 
rtshc12.c.o (ansis.lib):
  _BSHRS _BSHRU _BDIVMODU _ISHRU _ISHRS _LSHL _LSHRU _LADD _LSUB _LAND _LOR 
  _LXOR _LCMP _LCMP_PP _LCOM _LINC _LDEC _LMUL _LMULU16x32 _LMULS16x32 _LDIVS 
  _LMODS _COPY _CASE_DIRECT _CASE_CHECKED _CASE_CHECKED_BYTE _CASE_SEARCH 
  _CASE_SEARCH_BYTE _FCALL _FPCMP 
lcd.c.o:
  LCD_blink 
main.c.o:
  delay 
projectvectors.c.o:
  unused_isr 
sci.c.o:
  init_sci0 write_sci0 
NOT USED VARIABLES
STRING.C.o (ansis.lib):
  STRING..1 next.2 
FANSI.C.o (ansis.lib):
  infinity errno 
rtshc12.c.o (ansis.lib):
  _PowOfTwo_8 _PowOfTwo_16 _PowOfTwo_32 errno 
lcd.c.o:
  ADC_size 
main.c.o:
  TX 
interrupt.c.o:
  state ch tx_buffer change i position eng select_alpha button_state str 
sci.c.o:
  txoffset_sci0 rxbuffer_sci0 
mscan.c.o:
  temp.1 can0_string_ID can0_string_DATA 

*********************************************************************************************
COPYDOWN SECTION
---------------------------------------------------------------------------------------------
------- ROM-ADDRESS: 0x726F ---- SIZE       4 ---
Filling bytes inserted
 00121001
------- ROM-ADDRESS: 0x7273 ---- RAM-ADDRESS: 0x1001 ---- SIZE      15 ---
Name of initialized Object : square:1
 0100020004 0008001000 2000400080
------- ROM-ADDRESS: 0x7282 ---- RAM-ADDRESS: 0x1010 ---- SIZE       3 ---
Name of initialized Object : buzzer_str
 4F4646
------- ROM-ADDRESS: 0x7285 ---- SIZE       4 ---
Filling bytes inserted
 0001101F
------- ROM-ADDRESS: 0x7289 ---- RAM-ADDRESS: 0x101F ---- SIZE       1 ---
Name of initialized Object : CAN_toggle:5
 01
------- ROM-ADDRESS: 0x728A ---- SIZE       2 ---
Filling bytes inserted
 0000

*********************************************************************************************
OBJECT-DEPENDENCIES SECTION
---------------------------------------------------------------------------------------------
Init                      USES _startupData 
_Startup                  USES __SEG_END_SSTACK Init main 
pwm_shutdown_isr          USES software_trap 
portp_isr                 USES software_trap 
mscan4_tx_isr             USES software_trap 
mscan4_rx_isr             USES software_trap 
mscan4_error_isr          USES software_trap 
mscan4_wakeup_isr         USES software_trap 
mscan3_tx_isr             USES software_trap 
mscan3_rx_isr             USES software_trap 
mscan3_error_isr          USES software_trap 
mscan3_wakeup_isr         USES software_trap 
mscan2_tx_isr             USES software_trap 
mscan2_rx_isr             USES software_trap 
mscan2_error_isr          USES software_trap 
mscan2_wakeup_isr         USES software_trap 
mscan1_tx_isr             USES software_trap 
mscan1_rx_isr             USES software_trap 
mscan1_error_isr          USES software_trap 
mscan1_wakeup_isr         USES software_trap 
mscan0_tx_isr             USES can0_tx_handler 
mscan0_rx_isr             USES can0_rx_handler 
mscan0_error_isr          USES software_trap 
mscan0_wakeup_isr         USES software_trap 
flash_isr                 USES software_trap 
eeprom_isr                USES software_trap 
spi2_isr                  USES software_trap 
spi1_isr                  USES software_trap 
iic_isr                   USES software_trap 
bdlc_isr                  USES software_trap 
crg_scm_isr               USES software_trap 
crg_pll_lock_isr          USES software_trap 
pa_b_overflow_isr         USES software_trap 
ect_mdc_isr               USES software_trap 
porth_isr                 USES interruptH_function 
portj_isr                 USES software_trap 
atd1_isr                  USES software_trap 
atd0_isr                  USES software_trap 
sci1_isr                  USES software_trap 
sci0_isr                  USES sci0_handler 
spi0_isr                  USES software_trap 
pa_a_edge_isr             USES software_trap 
pa_a_overflow_isr         USES software_trap 
ect_overflow_isr          USES software_trap 
ect_ch7_isr               USES software_trap 
ect_ch6_isr               USES software_trap 
ect_ch5_isr               USES software_trap 
ect_ch4_isr               USES software_trap 
ect_ch3_isr               USES software_trap 
ect_ch2_isr               USES software_trap 
ect_ch1_isr               USES software_trap 
ect_ch0_isr               USES software_trap 
rti_isr                   USES rti_handler 
irq_isr                   USES software_trap 
xirq_isr                  USES software_trap 
swi_isr                   USES software_trap 
trap_isr                  USES software_trap 
cop_isr                   USES software_trap 
clockmonitor_isr          USES software_trap 
Ten                       USES fpow10 fpow_10 Ten _FMUL 
vprintf                   USES vprintf _out _CASE_SEARCH_8_BYTE 
                                _CASE_DIRECT_BYTE _CASE_SEARCH_8 pbuf _ILSEXT _LNEG pow8 _LCMP_P 
                                pow16 pow10 _FNEG frexpf _FMUL _FADD _BDIVMODS Ten 
                                _FUTRUNC _FUFLOAT _FSUB _LDIVU _FCMP _LMODU 
_out                      USES pbuf 
deposit_char              USES pbuf 
sprintf                   USES pbuf deposit_char vprintf 
Select_screen             USES LCD_clear STRING.Select.menu.2 LCD_write_str 
                                STRING.1..LED.Control.3 STRING.2..Buzzer.Control.4 
                                STRING.3..ADC.Control.5 STRING.4..CAN.Control.6 
Up_cursor                 USES LED_cursor 
Down_cursor               USES LED_cursor 
LED_blink                 USES blink_state Regs Pim LED_blink LED_mask 
                                LED_mask2 LED Square 
LED_toggle1               USES LED_cursor LED square LED_mask2 Square 
LED_toggle                USES LED_cursor LED Square LED_mask square Pim Regs 
LED_make_cursor           USES LED_cursor Square LED 
LED_erase_cursor          USES LED_cursor Erase_Square LED Square 
LED_screen                USES LCD_clear STRING.1..LED.Control.7 LCD_write_str 
                                LED Square LED_make_cursor 
Buzzer_screen             USES LCD_clear STRING.2..Buzzer.Control.9 
                                LCD_write_str buzzer_str buzzer Square STRING..d.10 sprintf 
Buzzer_toggle             USES buzzer Square STRING.ON.11 buzzer_str sprintf 
                                STRING............12 STRING.OFF.13 STRING............14 Regs 
                                LCD_write_str 
Buzzer_off                USES Square STRING.OFF.15 buzzer_str sprintf 
                                STRING............16 LCD_write_str buzzer buzzer_timer Regs 
Buzzer_timer              USES buzzer buzzer_timer Regs 
Buzzer_second             USES Square buzzer buzzer_timer STRING..d.18 sprintf 
                                STRING...19 LCD_write_str STRING..d.second.20 buzzer_str 
                                STRING............21 
ADC_screen                USES LCD_clear STRING.3..ADC.Control.22 
                                LCD_write_str ADC_on Square STRING.enable.23 
                                STRING.Value..24 ADC_value 
ADC_toggle                USES ADC_on Square level Erase_Square 
ADC_value                 USES ADC_on prev_level level Erase_Square Square 
ADC_getatd                USES ADC_on get_atd0 _ILSEXT _FSFLOAT _FDIV _FCMP 
                                level ADC_getatd prev_level ADC_value 
CAN_screen                USES LCD_clear STRING.4..CAN.Control.25 
                                LCD_write_str STRING.acceptance.26 STRING.mask.27 
                                STRING.echo.mode.28 STRING.A..a.a..A.29 STRING.enable.30 
                                CAN_toggle Square CAN_cursor 
CAN_downcursor            USES CAN_cursor CAN_downcursor Erase_Square 
                                CAN_screen Square CAN_toggle 
CAN_upcursor              USES CAN_cursor CAN_upcursor Erase_Square CAN_screen 
                                Square CAN_toggle 
CAN_check                 USES CAN_cursor Acceptance_screen Mask_screen 
                                CAN_check CAN_toggle Square STRING.CAN.OK..31 write_can0 
Acceptance_screen         USES LCD_clear STRING.4.1..acceptance.33 
                                LCD_write_str acceptance Square acceptance_cursor 
                                STRING.MSB.34 STRING.LSB.35 STRING.0b.d.d.d.d.d.d.d.d.d.36 
                                sprintf 
Acceptance_right          USES acceptance_cursor Erase_Square Square 
                                acceptance 
Acceptance_left           USES acceptance_cursor Erase_Square Square 
                                acceptance 
Acceptance_toggle         USES acceptance_cursor Acceptance_toggle acceptance 
                                Can0 square Square STRING.0b.d.d.d.d.d.d.d.d.d.37 
                                sprintf LCD_write_str 
Mask_screen               USES LCD_clear STRING.4.2..mask.39 LCD_write_str 
                                mask Square mask_cursor STRING.MSB.40 STRING.LSB.41 
                                STRING.0b.d.d.d.d.d.d.d.d.d.42 sprintf 
Mask_right                USES mask_cursor Erase_Square Square mask 
Mask_left                 USES mask_cursor Erase_Square Square mask 
Mask_toggle               USES mask_cursor Mask_toggle mask Can0 square Square 
                                STRING.0b.d.d.d.d.d.d.d.d.d.43 sprintf LCD_write_str 
CAN_communication         USES CAN_toggle write_can0 
Erase_Square              USES LCD_write_hole 
Square                    USES LCD_write_dot Square LCD_write_hole 
LCD_initial_line          USES LCD_write_dot 
LCD_clear                 USES Pim delay_1 Set_addressYX write_1 LCD_saver 
init_LCD                  USES Pim Display_ON 
LCD_write_dot             USES Pim delay_1 Set_addressYX LCD_saver write_1 
                                _BSHL 
LCD_write_hole            USES Pim delay_1 Set_addressYX LCD_saver write_1 
                                _BSHL 
LCD_write_char            USES translation _ISHL LCD_write_dot LCD_write_hole 
LCD_write_str             USES LCD_write_char strlen 
write_1                   USES Pim delay_1 
Display_ON                USES Pim delay_1 
Set_addressYX             USES Pim delay_1 
translation               USES translation 
main                      USES Regs Pim init_LCD init_atd0 can0_rx_buffer 
                                init_can0 Crg init_interrupt Select_screen 
                                LCD_initial_line Keypad_Cheking 
rti_handler               USES change_count count screen_state lock ADC_getatd 
                                blink LED_blink Buzzer_timer Crg 
init_interrupt            USES Pim tx_data linktx 
interruptH_function       USES Pim interruptH_function screen_state lock 
                                LED_screen LCD_initial_line LED_toggle1 Buzzer_second 
                                LED_erase_cursor Down_cursor LED_make_cursor Buzzer_off 
                                Acceptance_left Mask_left blink Buzzer_screen CAN_upcursor 
                                LED_toggle Buzzer_toggle ADC_toggle CAN_check 
                                Acceptance_toggle Mask_toggle CAN_downcursor LCD_clear 
                                Select_screen ADC_screen CAN_screen Acceptance_screen 
                                Mask_screen Up_cursor Acceptance_right Mask_right tx_data 
                                LCD_write_str delay_1 
Keypad_Cheking            USES Pim delay_1 
linktx                    USES textwindow 
sci0_handler              USES Sci0 sci0_handler i.1 rx_buffer number 
                                LCD_write_str data_saver LCD_initial_line txbuffer_sci0 
init_atd0                 USES Atd0 
get_atd0                  USES Atd0 
setup_rx_can0             USES Can0 
init_can0                 USES can0_rx_data can0_rx_length can0_rx_id Can0 
                                setup_rx_can0 
write_can0                USES can0_tx_id can0_tx_data can0_tx_length Can0 
can0_tx_handler           USES Can0 can0_tx_id _LSHRS can0_tx_data 
                                can0_tx_length 
can0_rx_handler           USES read_can0 Can0 
read_can0                 USES Can0 can0_rx_id can0_rx_length can0_rx_data 
                                CAN_communication 
F_ADDKL                   USES F_XGKL F_NORMK 
_FADD                     USES F_PULK F_PULL F_ADDKL F_PSHK 
_FSUB                     USES _FADD 
F_FREXP                   USES F_NORMK 
frexpf                    USES F_PULL F_TLK F_FREXP F_PSHK 
_FSFLOAT                  USES SL_PULK F_FRLONGK F_PSHK 
_FUFLOAT                  USES UL_PULK F_FRLONGK F_PSHK 
_FSTRUNC                  USES F_PULK F_TOLONGK L_PSHK 
_FUTRUNC                  USES _FSTRUNC 
F_DIVKL                   USES F_MAXK F_NORMK 
F_MULKL                   USES F_CLRK F_NORMK 
_FMUL                     USES F_PULK F_PULL F_MULKL F_PSHK 
_FDIV                     USES F_PULL F_PULK F_DIVKL F_PSHK 
F_MAXK                    USES F_CLRK 
F_NORMK                   USES F_MAXK 
_LDIVU                    USES _lDivMod 
_LMODU                    USES _lDivMod 
L_NEGK                    USES _NEG_P 
L_PSHK                    USES L_NEGK 
SL_PULK                   USES L_NEGK 

*********************************************************************************************
DEPENDENCY TREE
*********************************************************************************************
 main and _Startup Group
 | 
 +- main                
 |  | 
 |  +- init_LCD            
 |  |  | 
 |  |  +- Display_ON          
 |  |     | 
 |  |     +- delay_1             
 |  |          
 |  +- init_atd0           
 |  |    
 |  +- init_can0           
 |  |  | 
 |  |  +- setup_rx_can0       
 |  |       
 |  +- init_interrupt      
 |  |  | 
 |  |  +- linktx              
 |  |       
 |  +- Select_screen       
 |  |  | 
 |  |  +- LCD_clear           
 |  |  |  | 
 |  |  |  +- delay_1              (see above)
 |  |  |  |  
 |  |  |  +- Set_addressYX       
 |  |  |  |  | 
 |  |  |  |  +- delay_1              (see above)
 |  |  |  |     
 |  |  |  +- write_1             
 |  |  |     | 
 |  |  |     +- delay_1              (see above)
 |  |  |        
 |  |  +- LCD_write_str       
 |  |     | 
 |  |     +- LCD_write_char      
 |  |     |  | 
 |  |     |  +- translation         
 |  |     |  |    
 |  |     |  +- _ISHL               
 |  |     |  |    
 |  |     |  +- LCD_write_dot       
 |  |     |  |  | 
 |  |     |  |  +- delay_1              (see above)
 |  |     |  |  |  
 |  |     |  |  +- Set_addressYX        (see above)
 |  |     |  |  |  
 |  |     |  |  +- write_1              (see above)
 |  |     |  |  |  
 |  |     |  |  +- _BSHL               
 |  |     |  |       
 |  |     |  +- LCD_write_hole      
 |  |     |     | 
 |  |     |     +- delay_1              (see above)
 |  |     |     |  
 |  |     |     +- Set_addressYX        (see above)
 |  |     |     |  
 |  |     |     +- write_1              (see above)
 |  |     |     |  
 |  |     |     +- _BSHL                (see above)
 |  |     |        
 |  |     +- strlen              
 |  |          
 |  +- LCD_initial_line    
 |  |  | 
 |  |  +- LCD_write_dot        (see above)
 |  |     
 |  +- Keypad_Cheking      
 |     | 
 |     +- delay_1              (see above)
 |        
 +- _Startup            
    | 
    +- Init                
    |    
    +- main                 (see above)
       
 clockmonitor_isr    
 | 
 +- software_trap       
      
 cop_isr             
 | 
 +- software_trap        (see above)
    
 trap_isr            
 | 
 +- software_trap        (see above)
    
 swi_isr             
 | 
 +- software_trap        (see above)
    
 xirq_isr            
 | 
 +- software_trap        (see above)
    
 irq_isr             
 | 
 +- software_trap        (see above)
    
 rti_isr             
 | 
 +- rti_handler         
    | 
    +- ADC_getatd          
    |  | 
    |  +- get_atd0            
    |  |    
    |  +- _ILSEXT             
    |  |    
    |  +- _FSFLOAT            
    |  |  | 
    |  |  +- SL_PULK             
    |  |  |  | 
    |  |  |  +- L_NEGK              
    |  |  |     | 
    |  |  |     +- _NEG_P              
    |  |  |          
    |  |  +- F_FRLONGK           
    |  |  |    
    |  |  +- F_PSHK              
    |  |       
    |  +- _FDIV               
    |  |  | 
    |  |  +- F_PULL              
    |  |  |    
    |  |  +- F_PULK              
    |  |  |    
    |  |  +- F_DIVKL             
    |  |  |  | 
    |  |  |  +- F_MAXK              
    |  |  |  |  | 
    |  |  |  |  +- F_CLRK              
    |  |  |  |       
    |  |  |  +- F_NORMK             
    |  |  |     | 
    |  |  |     +- F_MAXK               (see above)
    |  |  |        
    |  |  +- F_PSHK               (see above)
    |  |     
    |  +- _FCMP               
    |  |    
    |  +- ADC_value           
    |     | 
    |     +- Erase_Square        
    |     |  | 
    |     |  +- LCD_write_hole       (see above)
    |     |     
    |     +- Square              
    |        | 
    |        +- LCD_write_dot        (see above)
    |        |  
    |        +- LCD_write_hole       (see above)
    |           
    +- LED_blink           
    |  | 
    |  +- Square               (see above)
    |     
    +- Buzzer_timer        
         
 ect_ch0_isr         
 | 
 +- software_trap        (see above)
    
 ect_ch1_isr         
 | 
 +- software_trap        (see above)
    
 ect_ch2_isr         
 | 
 +- software_trap        (see above)
    
 ect_ch3_isr         
 | 
 +- software_trap        (see above)
    
 ect_ch4_isr         
 | 
 +- software_trap        (see above)
    
 ect_ch5_isr         
 | 
 +- software_trap        (see above)
    
 ect_ch6_isr         
 | 
 +- software_trap        (see above)
    
 ect_ch7_isr         
 | 
 +- software_trap        (see above)
    
 ect_overflow_isr    
 | 
 +- software_trap        (see above)
    
 pa_a_overflow_isr   
 | 
 +- software_trap        (see above)
    
 pa_a_edge_isr       
 | 
 +- software_trap        (see above)
    
 spi0_isr            
 | 
 +- software_trap        (see above)
    
 sci0_isr            
 | 
 +- sci0_handler        
    | 
    +- LCD_write_str        (see above)
    |  
    +- LCD_initial_line     (see above)
       
 sci1_isr            
 | 
 +- software_trap        (see above)
    
 atd0_isr            
 | 
 +- software_trap        (see above)
    
 atd1_isr            
 | 
 +- software_trap        (see above)
    
 portj_isr           
 | 
 +- software_trap        (see above)
    
 porth_isr           
 | 
 +- interruptH_function 
    | 
    +- LED_screen          
    |  | 
    |  +- LCD_clear            (see above)
    |  |  
    |  +- LCD_write_str        (see above)
    |  |  
    |  +- Square               (see above)
    |  |  
    |  +- LED_make_cursor     
    |     | 
    |     +- Square               (see above)
    |        
    +- LCD_initial_line     (see above)
    |  
    +- LED_toggle1         
    |  | 
    |  +- Square               (see above)
    |     
    +- Buzzer_second       
    |  | 
    |  +- Square               (see above)
    |  |  
    |  +- sprintf             
    |  |  | 
    |  |  +- deposit_char        
    |  |  |    
    |  |  +- vprintf             
    |  |     | 
    |  |     +- _out                
    |  |     |    
    |  |     +- _CASE_SEARCH_8_BYTE 
    |  |     |    
    |  |     +- _CASE_DIRECT_BYTE   
    |  |     |    
    |  |     +- _CASE_SEARCH_8      
    |  |     |    
    |  |     +- _ILSEXT              (see above)
    |  |     |  
    |  |     +- _LNEG               
    |  |     |    
    |  |     +- _LCMP_P             
    |  |     |    
    |  |     +- _FNEG               
    |  |     |    
    |  |     +- frexpf              
    |  |     |  | 
    |  |     |  +- F_PULL               (see above)
    |  |     |  |  
    |  |     |  +- F_TLK               
    |  |     |  |    
    |  |     |  +- F_FREXP             
    |  |     |  |  | 
    |  |     |  |  +- F_NORMK              (see above)
    |  |     |  |     
    |  |     |  +- F_PSHK               (see above)
    |  |     |     
    |  |     +- _FMUL               
    |  |     |  | 
    |  |     |  +- F_PULK               (see above)
    |  |     |  |  
    |  |     |  +- F_PULL               (see above)
    |  |     |  |  
    |  |     |  +- F_MULKL             
    |  |     |  |  | 
    |  |     |  |  +- F_CLRK               (see above)
    |  |     |  |  |  
    |  |     |  |  +- F_NORMK              (see above)
    |  |     |  |     
    |  |     |  +- F_PSHK               (see above)
    |  |     |     
    |  |     +- _FADD               
    |  |     |  | 
    |  |     |  +- F_PULK               (see above)
    |  |     |  |  
    |  |     |  +- F_PULL               (see above)
    |  |     |  |  
    |  |     |  +- F_ADDKL             
    |  |     |  |  | 
    |  |     |  |  +- F_XGKL              
    |  |     |  |  |    
    |  |     |  |  +- F_NORMK              (see above)
    |  |     |  |     
    |  |     |  +- F_PSHK               (see above)
    |  |     |     
    |  |     +- _BDIVMODS           
    |  |     |    
    |  |     +- Ten                 
    |  |     |  | 
    |  |     |  +- _FMUL                (see above)
    |  |     |     
    |  |     +- _FUTRUNC            
    |  |     |  | 
    |  |     |  +- _FSTRUNC            
    |  |     |     | 
    |  |     |     +- F_PULK               (see above)
    |  |     |     |  
    |  |     |     +- F_TOLONGK           
    |  |     |     |    
    |  |     |     +- L_PSHK              
    |  |     |        | 
    |  |     |        +- L_NEGK               (see above)
    |  |     |           
    |  |     +- _FUFLOAT            
    |  |     |  | 
    |  |     |  +- UL_PULK             
    |  |     |  |    
    |  |     |  +- F_FRLONGK            (see above)
    |  |     |  |  
    |  |     |  +- F_PSHK               (see above)
    |  |     |     
    |  |     +- _FSUB               
    |  |     |  | 
    |  |     |  +- _FADD                (see above)
    |  |     |     
    |  |     +- _LDIVU              
    |  |     |  | 
    |  |     |  +- _lDivMod            
    |  |     |       
    |  |     +- _FCMP                (see above)
    |  |     |  
    |  |     +- _LMODU              
    |  |        | 
    |  |        +- _lDivMod             (see above)
    |  |           
    |  +- LCD_write_str        (see above)
    |     
    +- LED_erase_cursor    
    |  | 
    |  +- Erase_Square         (see above)
    |  |  
    |  +- Square               (see above)
    |     
    +- Down_cursor         
    |    
    +- LED_make_cursor      (see above)
    |  
    +- Buzzer_off          
    |  | 
    |  +- Square               (see above)
    |  |  
    |  +- sprintf              (see above)
    |  |  
    |  +- LCD_write_str        (see above)
    |     
    +- Acceptance_left     
    |  | 
    |  +- Erase_Square         (see above)
    |  |  
    |  +- Square               (see above)
    |     
    +- Mask_left           
    |  | 
    |  +- Erase_Square         (see above)
    |  |  
    |  +- Square               (see above)
    |     
    +- Buzzer_screen       
    |  | 
    |  +- LCD_clear            (see above)
    |  |  
    |  +- LCD_write_str        (see above)
    |  |  
    |  +- Square               (see above)
    |  |  
    |  +- sprintf              (see above)
    |     
    +- CAN_upcursor        
    |  | 
    |  +- Erase_Square         (see above)
    |  |  
    |  +- CAN_screen          
    |  |  | 
    |  |  +- LCD_clear            (see above)
    |  |  |  
    |  |  +- LCD_write_str        (see above)
    |  |  |  
    |  |  +- Square               (see above)
    |  |     
    |  +- Square               (see above)
    |     
    +- LED_toggle          
    |  | 
    |  +- Square               (see above)
    |     
    +- Buzzer_toggle       
    |  | 
    |  +- Square               (see above)
    |  |  
    |  +- sprintf              (see above)
    |  |  
    |  +- LCD_write_str        (see above)
    |     
    +- ADC_toggle          
    |  | 
    |  +- Square               (see above)
    |  |  
    |  +- Erase_Square         (see above)
    |     
    +- CAN_check           
    |  | 
    |  +- Acceptance_screen   
    |  |  | 
    |  |  +- LCD_clear            (see above)
    |  |  |  
    |  |  +- LCD_write_str        (see above)
    |  |  |  
    |  |  +- Square               (see above)
    |  |  |  
    |  |  +- sprintf              (see above)
    |  |     
    |  +- Mask_screen         
    |  |  | 
    |  |  +- LCD_clear            (see above)
    |  |  |  
    |  |  +- LCD_write_str        (see above)
    |  |  |  
    |  |  +- Square               (see above)
    |  |  |  
    |  |  +- sprintf              (see above)
    |  |     
    |  +- Square               (see above)
    |  |  
    |  +- write_can0          
    |       
    +- Acceptance_toggle   
    |  | 
    |  +- Square               (see above)
    |  |  
    |  +- sprintf              (see above)
    |  |  
    |  +- LCD_write_str        (see above)
    |     
    +- Mask_toggle         
    |  | 
    |  +- Square               (see above)
    |  |  
    |  +- sprintf              (see above)
    |  |  
    |  +- LCD_write_str        (see above)
    |     
    +- CAN_downcursor      
    |  | 
    |  +- Erase_Square         (see above)
    |  |  
    |  +- CAN_screen           (see above)
    |  |  
    |  +- Square               (see above)
    |     
    +- LCD_clear            (see above)
    |  
    +- Select_screen        (see above)
    |  
    +- ADC_screen          
    |  | 
    |  +- LCD_clear            (see above)
    |  |  
    |  +- LCD_write_str        (see above)
    |  |  
    |  +- Square               (see above)
    |  |  
    |  +- ADC_value            (see above)
    |     
    +- CAN_screen           (see above)
    |  
    +- Acceptance_screen    (see above)
    |  
    +- Mask_screen          (see above)
    |  
    +- Up_cursor           
    |    
    +- Acceptance_right    
    |  | 
    |  +- Erase_Square         (see above)
    |  |  
    |  +- Square               (see above)
    |     
    +- Mask_right          
    |  | 
    |  +- Erase_Square         (see above)
    |  |  
    |  +- Square               (see above)
    |     
    +- LCD_write_str        (see above)
    |  
    +- delay_1              (see above)
       
 ect_mdc_isr         
 | 
 +- software_trap        (see above)
    
 pa_b_overflow_isr   
 | 
 +- software_trap        (see above)
    
 crg_pll_lock_isr    
 | 
 +- software_trap        (see above)
    
 crg_scm_isr         
 | 
 +- software_trap        (see above)
    
 bdlc_isr            
 | 
 +- software_trap        (see above)
    
 iic_isr             
 | 
 +- software_trap        (see above)
    
 spi1_isr            
 | 
 +- software_trap        (see above)
    
 spi2_isr            
 | 
 +- software_trap        (see above)
    
 eeprom_isr          
 | 
 +- software_trap        (see above)
    
 flash_isr           
 | 
 +- software_trap        (see above)
    
 mscan0_wakeup_isr   
 | 
 +- software_trap        (see above)
    
 mscan0_error_isr    
 | 
 +- software_trap        (see above)
    
 mscan0_rx_isr       
 | 
 +- can0_rx_handler     
    | 
    +- read_can0           
       | 
       +- CAN_communication   
          | 
          +- write_can0           (see above)
             
 mscan0_tx_isr       
 | 
 +- can0_tx_handler     
    | 
    +- _LSHRS              
         
 mscan1_wakeup_isr   
 | 
 +- software_trap        (see above)
    
 mscan1_error_isr    
 | 
 +- software_trap        (see above)
    
 mscan1_rx_isr       
 | 
 +- software_trap        (see above)
    
 mscan1_tx_isr       
 | 
 +- software_trap        (see above)
    
 mscan2_wakeup_isr   
 | 
 +- software_trap        (see above)
    
 mscan2_error_isr    
 | 
 +- software_trap        (see above)
    
 mscan2_rx_isr       
 | 
 +- software_trap        (see above)
    
 mscan2_tx_isr       
 | 
 +- software_trap        (see above)
    
 mscan3_wakeup_isr   
 | 
 +- software_trap        (see above)
    
 mscan3_error_isr    
 | 
 +- software_trap        (see above)
    
 mscan3_rx_isr       
 | 
 +- software_trap        (see above)
    
 mscan3_tx_isr       
 | 
 +- software_trap        (see above)
    
 mscan4_wakeup_isr   
 | 
 +- software_trap        (see above)
    
 mscan4_error_isr    
 | 
 +- software_trap        (see above)
    
 mscan4_rx_isr       
 | 
 +- software_trap        (see above)
    
 mscan4_tx_isr       
 | 
 +- software_trap        (see above)
    
 portp_isr           
 | 
 +- software_trap        (see above)
    
 pwm_shutdown_isr    
 | 
 +- software_trap        (see above)
    
*********************************************************************************************
STATISTIC SECTION
---------------------------------------------------------------------------------------------

ExeFile:
--------
Number of blocks to be downloaded: 6
Total size of all blocks to be downloaded: 13056

